
Desugared:

	(App
	 ((WithType
	   (Record (r_info ())
	    (r_types
	     (()
	      ((t
	        (Recur
	         (() t
	          (Record (r_info ()) (r_types (() () ())) (r_values (() () ())))))))
	      ()))
	    (r_values (() ((x (Var (() t)))) ()))))
	  (App
	   ((Fix Record)
	    (Lam ($0 (App ((App ((Update (Value x)) EmptyRecord)) EmptyRecord))))))))

inferred type:

	(Record (r_info ())
	 (r_types
	  (() ((t (Record (r_info ()) (r_types (() () ())) (r_values (() () ())))))
	   ()))
	 (r_values
	  (() ((x (Record (r_info ()) (r_types (() () ())) (r_values (() () ())))))
	   ())))

Runtime term:

	(App ((Fix Record) (Lam (0 () (Record ((x (Record ()))))))))

Evaluated:

	(Record ((x (Record ()))))
