
Desugared:

	EmptyRecord

inferred type:

	(Record (() () ()))

Runtime term:

	(Record ())

Evaluated:

	(Record ())
