
Desugared:

	(App ((WithType (Quant (() Exist t (Var (() t))))) (Const (Integer 4))))

inferred type:

	(Quant (() Exist a (Var (() a))))

Runtime term:

	(Integer 4)

Evaluated:

	(Integer 4)
