
Desugared:

	(App
	 ((WithType (Quant (() Exist t Unknown (Fn (() (Var (() t)) (Var (() t)))))))
	  (Lam (x (Integer 4)))))

inferred type:

	(Quant (() Exist a Unknown (Fn (() (Var (() a)) (Var (() a))))))

Runtime term:

	(Lam (0 () (Integer 4)))

Evaluated:

	(Lam (0 () (Integer 4)))
