
Desugared:

	(App ((WithType (Quant (() All a (Var (() a))))) (Integer 4)))
Type error: permission error during graft
