
Desugared:

	fn x. x

inferred type:

	a -> a

Runtime term:

	fn. v0

Evaluated:

	fn. v0
