
Desugared:

	(App ((WithType (Var (() int))) (Const (Integer 4))))

inferred type:

	(Named (() int))

Runtime term:

	(Integer 4)

Evaluated:

	(Integer 4)
