
Desugared:

	((:
	  ((e : (exist $0 (record (types ((t $0))) (values ())))) -> ((. e t) int)))
	 (Integer 4))
Type error: permission error during raise
