
Desugared:

	(let-type ((t (rec t (record (types ()) (values ()))))) ((: t) {}))

inferred type:

	(record (types ()) (values ()))

Runtime term:

	(Record ())

Evaluated:

	(Record ())
