
Desugared:

	fn x. _.y x

inferred type:

	{y : a, ...b} -> a

Runtime term:

	fn. _.y v0

Evaluated:

	fn. _.y v0
