
Desugared:

	fn x. _.y:=_ x {}

inferred type:

	{, ...a} -> {y : {}, ...a}

Runtime term:

	fn. (fn. fn. v1 where { y = v0 }) v0 {}

Evaluated:

	fn. (fn. fn. v1 where { y = v0 }) v0 {}
