Desugared: fn $0. match-lam
| x -> x {}
end $0
inferred type: ({} -> t3) -> t3
Runtime term: fn $0. match _ with  | _ -> fn x. x {} end $0
Evaluated: fn $0. match _ with  | _ -> fn x. x {} end $0
