
Desugared:

	fn f. fn arg. _.y:=_ arg (f (_.z arg))

inferred type:

	(a -> b) -> {z : a, ...c} -> {y : b, z : a, ...c}

Runtime term:

	fn. fn. (fn. fn. v1 where { y = v0 }) v0 (v1 (_.z v0))

Evaluated:

	fn. fn. (fn. fn. v1 where { y = v0 }) v0 (v1 (_.z v0))
