Desugared: (Ok {})
inferred type: (Ok {}) | ...t4
Evaluated: (Ok {})
